// Vitest Snapshot v1, https://vitest.dev/guide/snapshot.html

exports[`computeStudentLoanRepayment > snapshots > Plan 1 fast payoff with overpayment 1`] = `
{
  "finalBalance": 0,
  "totalInterest": 1276.95,
  "totalRepaid": 16276.95,
  "writeOffCalendarYear": 2046,
  "writtenOff": false,
  "writtenOffAmount": 0,
  "yearlyBreakdown": [
    {
      "calendarYear": 2026,
      "endBalance": 11601,
      "interest": 480,
      "interestRate": 0.032,
      "repayment": 3879,
      "salary": 50000,
      "startBalance": 15000,
      "status": "repaying",
      "threshold": 26900,
    },
    {
      "calendarYear": 2027,
      "endBalance": 8093.23,
      "interest": 371.23,
      "interestRate": 0.032,
      "repayment": 3879,
      "salary": 50000,
      "startBalance": 11601,
      "status": "repaying",
      "threshold": 26900,
    },
    {
      "calendarYear": 2028,
      "endBalance": 4473.22,
      "interest": 258.98,
      "interestRate": 0.032,
      "repayment": 3879,
      "salary": 50000,
      "startBalance": 8093.23,
      "status": "repaying",
      "threshold": 26900,
    },
    {
      "calendarYear": 2029,
      "endBalance": 737.36,
      "interest": 143.14,
      "interestRate": 0.032,
      "repayment": 3879,
      "salary": 50000,
      "startBalance": 4473.22,
      "status": "repaying",
      "threshold": 26900,
    },
    {
      "calendarYear": 2030,
      "endBalance": 0,
      "interest": 23.6,
      "interestRate": 0.032,
      "repayment": 760.95,
      "salary": 50000,
      "startBalance": 737.36,
      "status": "paid_off",
      "threshold": 26900,
    },
  ],
  "yearsUntilCleared": 5,
}
`;

exports[`computeStudentLoanRepayment > snapshots > Plan 2 mid-career graduate clearing the loan 1`] = `
{
  "finalBalance": 0,
  "totalInterest": 26589,
  "totalRepaid": 56589,
  "writeOffCalendarYear": 2051,
  "writtenOff": false,
  "writtenOffAmount": 0,
  "yearlyBreakdown": [
    {
      "calendarYear": 2026,
      "endBalance": 30163.03,
      "interest": 1568.38,
      "interestRate": 0.0523,
      "repayment": 1405.35,
      "salary": 45000,
      "startBalance": 30000,
      "status": "repaying",
      "threshold": 29385,
    },
    {
      "calendarYear": 2027,
      "endBalance": 30245.64,
      "interest": 1611.13,
      "interestRate": 0.0534,
      "repayment": 1528.51,
      "salary": 47250,
      "startBalance": 30163.03,
      "status": "repaying",
      "threshold": 30266.55,
    },
    {
      "calendarYear": 2028,
      "endBalance": 30236.76,
      "interest": 1650.53,
      "interestRate": 0.0546,
      "repayment": 1659.42,
      "salary": 49612.5,
      "startBalance": 30245.64,
      "status": "repaying",
      "threshold": 31174.55,
    },
    {
      "calendarYear": 2029,
      "endBalance": 30123.96,
      "interest": 1685.7,
      "interestRate": 0.0558,
      "repayment": 1798.5,
      "salary": 52093.13,
      "startBalance": 30236.76,
      "status": "repaying",
      "threshold": 32109.78,
    },
    {
      "calendarYear": 2030,
      "endBalance": 29893.37,
      "interest": 1715.63,
      "interestRate": 0.057,
      "repayment": 1946.22,
      "salary": 54697.78,
      "startBalance": 30123.96,
      "status": "repaying",
      "threshold": 33073.08,
    },
    {
      "calendarYear": 2031,
      "endBalance": 29529.43,
      "interest": 1739.13,
      "interestRate": 0.0582,
      "repayment": 2103.07,
      "salary": 57432.67,
      "startBalance": 29893.37,
      "status": "repaying",
      "threshold": 34065.27,
    },
    {
      "calendarYear": 2032,
      "endBalance": 29014.74,
      "interest": 1754.85,
      "interestRate": 0.0594,
      "repayment": 2269.54,
      "salary": 60304.3,
      "startBalance": 29529.43,
      "status": "repaying",
      "threshold": 35087.23,
    },
    {
      "calendarYear": 2033,
      "endBalance": 28329.79,
      "interest": 1761.22,
      "interestRate": 0.0607,
      "repayment": 2446.17,
      "salary": 63319.52,
      "startBalance": 29014.74,
      "status": "repaying",
      "threshold": 36139.84,
    },
    {
      "calendarYear": 2034,
      "endBalance": 27452.68,
      "interest": 1756.42,
      "interestRate": 0.062,
      "repayment": 2633.53,
      "salary": 66485.49,
      "startBalance": 28329.79,
      "status": "repaying",
      "threshold": 37224.04,
    },
    {
      "calendarYear": 2035,
      "endBalance": 26322.53,
      "interest": 1702.07,
      "interestRate": 0.062,
      "repayment": 2832.21,
      "salary": 69809.77,
      "startBalance": 27452.68,
      "status": "repaying",
      "threshold": 38340.76,
    },
    {
      "calendarYear": 2036,
      "endBalance": 24911.7,
      "interest": 1632,
      "interestRate": 0.062,
      "repayment": 3042.83,
      "salary": 73300.26,
      "startBalance": 26322.53,
      "status": "repaying",
      "threshold": 39490.98,
    },
    {
      "calendarYear": 2037,
      "endBalance": 23190.16,
      "interest": 1544.53,
      "interestRate": 0.062,
      "repayment": 3266.06,
      "salary": 76965.27,
      "startBalance": 24911.7,
      "status": "repaying",
      "threshold": 40675.71,
    },
    {
      "calendarYear": 2038,
      "endBalance": 21125.37,
      "interest": 1437.79,
      "interestRate": 0.062,
      "repayment": 3502.58,
      "salary": 80813.53,
      "startBalance": 23190.16,
      "status": "repaying",
      "threshold": 41895.98,
    },
    {
      "calendarYear": 2039,
      "endBalance": 18682.02,
      "interest": 1309.77,
      "interestRate": 0.062,
      "repayment": 3753.12,
      "salary": 84854.21,
      "startBalance": 21125.37,
      "status": "repaying",
      "threshold": 43152.86,
    },
    {
      "calendarYear": 2040,
      "endBalance": 15821.85,
      "interest": 1158.29,
      "interestRate": 0.062,
      "repayment": 4018.45,
      "salary": 89096.92,
      "startBalance": 18682.02,
      "status": "repaying",
      "threshold": 44447.45,
    },
    {
      "calendarYear": 2041,
      "endBalance": 12503.43,
      "interest": 980.95,
      "interestRate": 0.062,
      "repayment": 4299.38,
      "salary": 93551.77,
      "startBalance": 15821.85,
      "status": "repaying",
      "threshold": 45780.87,
    },
    {
      "calendarYear": 2042,
      "endBalance": 8681.89,
      "interest": 775.21,
      "interestRate": 0.062,
      "repayment": 4596.76,
      "salary": 98229.36,
      "startBalance": 12503.43,
      "status": "repaying",
      "threshold": 47154.3,
    },
    {
      "calendarYear": 2043,
      "endBalance": 4308.69,
      "interest": 538.28,
      "interestRate": 0.062,
      "repayment": 4911.47,
      "salary": 103140.82,
      "startBalance": 8681.89,
      "status": "repaying",
      "threshold": 48568.93,
    },
    {
      "calendarYear": 2044,
      "endBalance": 0,
      "interest": 267.14,
      "interestRate": 0.062,
      "repayment": 4575.83,
      "salary": 108297.87,
      "startBalance": 4308.69,
      "status": "paid_off",
      "threshold": 50026,
    },
  ],
  "yearsUntilCleared": 19,
}
`;

exports[`computeStudentLoanRepayment > snapshots > Plan 5 low earner getting written off 1`] = `
{
  "finalBalance": 0,
  "totalInterest": 120284.76,
  "totalRepaid": 231.9,
  "writeOffCalendarYear": 2065,
  "writtenOff": true,
  "writtenOffAmount": 170052.86,
  "yearlyBreakdown": [
    {
      "calendarYear": 2026,
      "endBalance": 51510,
      "interest": 1600,
      "interestRate": 0.032,
      "repayment": 90,
      "salary": 26000,
      "startBalance": 50000,
      "status": "repaying",
      "threshold": 25000,
    },
    {
      "calendarYear": 2027,
      "endBalance": 53089.02,
      "interest": 1648.32,
      "interestRate": 0.032,
      "repayment": 69.3,
      "salary": 26520,
      "startBalance": 51510,
      "status": "repaying",
      "threshold": 25750,
    },
    {
      "calendarYear": 2028,
      "endBalance": 54740.36,
      "interest": 1698.85,
      "interestRate": 0.032,
      "repayment": 47.51,
      "salary": 27050.4,
      "startBalance": 53089.02,
      "status": "repaying",
      "threshold": 26522.5,
    },
    {
      "calendarYear": 2029,
      "endBalance": 56467.46,
      "interest": 1751.69,
      "interestRate": 0.032,
      "repayment": 24.59,
      "salary": 27591.41,
      "startBalance": 54740.36,
      "status": "repaying",
      "threshold": 27318.18,
    },
    {
      "calendarYear": 2030,
      "endBalance": 58273.92,
      "interest": 1806.96,
      "interestRate": 0.032,
      "repayment": 0.5,
      "salary": 28143.24,
      "startBalance": 56467.46,
      "status": "repaying",
      "threshold": 28137.72,
    },
    {
      "calendarYear": 2031,
      "endBalance": 60138.69,
      "interest": 1864.77,
      "interestRate": 0.032,
      "repayment": 0,
      "salary": 28706.1,
      "startBalance": 58273.92,
      "status": "repaying",
      "threshold": 28981.85,
    },
    {
      "calendarYear": 2032,
      "endBalance": 62063.12,
      "interest": 1924.44,
      "interestRate": 0.032,
      "repayment": 0,
      "salary": 29280.22,
      "startBalance": 60138.69,
      "status": "repaying",
      "threshold": 29851.31,
    },
    {
      "calendarYear": 2033,
      "endBalance": 64049.14,
      "interest": 1986.02,
      "interestRate": 0.032,
      "repayment": 0,
      "salary": 29865.83,
      "startBalance": 62063.12,
      "status": "repaying",
      "threshold": 30746.85,
    },
    {
      "calendarYear": 2034,
      "endBalance": 66098.72,
      "interest": 2049.57,
      "interestRate": 0.032,
      "repayment": 0,
      "salary": 30463.14,
      "startBalance": 64049.14,
      "status": "repaying",
      "threshold": 31669.25,
    },
    {
      "calendarYear": 2035,
      "endBalance": 68213.88,
      "interest": 2115.16,
      "interestRate": 0.032,
      "repayment": 0,
      "salary": 31072.41,
      "startBalance": 66098.72,
      "status": "repaying",
      "threshold": 32619.33,
    },
    {
      "calendarYear": 2036,
      "endBalance": 70396.72,
      "interest": 2182.84,
      "interestRate": 0.032,
      "repayment": 0,
      "salary": 31693.85,
      "startBalance": 68213.88,
      "status": "repaying",
      "threshold": 33597.91,
    },
    {
      "calendarYear": 2037,
      "endBalance": 72649.41,
      "interest": 2252.7,
      "interestRate": 0.032,
      "repayment": 0,
      "salary": 32327.73,
      "startBalance": 70396.72,
      "status": "repaying",
      "threshold": 34605.85,
    },
    {
      "calendarYear": 2038,
      "endBalance": 74974.2,
      "interest": 2324.78,
      "interestRate": 0.032,
      "repayment": 0,
      "salary": 32974.29,
      "startBalance": 72649.41,
      "status": "repaying",
      "threshold": 35644.02,
    },
    {
      "calendarYear": 2039,
      "endBalance": 77373.37,
      "interest": 2399.17,
      "interestRate": 0.032,
      "repayment": 0,
      "salary": 33633.77,
      "startBalance": 74974.2,
      "status": "repaying",
      "threshold": 36713.34,
    },
    {
      "calendarYear": 2040,
      "endBalance": 79849.32,
      "interest": 2475.95,
      "interestRate": 0.032,
      "repayment": 0,
      "salary": 34306.45,
      "startBalance": 77373.37,
      "status": "repaying",
      "threshold": 37814.74,
    },
    {
      "calendarYear": 2041,
      "endBalance": 82404.5,
      "interest": 2555.18,
      "interestRate": 0.032,
      "repayment": 0,
      "salary": 34992.58,
      "startBalance": 79849.32,
      "status": "repaying",
      "threshold": 38949.19,
    },
    {
      "calendarYear": 2042,
      "endBalance": 85041.44,
      "interest": 2636.94,
      "interestRate": 0.032,
      "repayment": 0,
      "salary": 35692.43,
      "startBalance": 82404.5,
      "status": "repaying",
      "threshold": 40117.66,
    },
    {
      "calendarYear": 2043,
      "endBalance": 87762.77,
      "interest": 2721.33,
      "interestRate": 0.032,
      "repayment": 0,
      "salary": 36406.28,
      "startBalance": 85041.44,
      "status": "repaying",
      "threshold": 41321.19,
    },
    {
      "calendarYear": 2044,
      "endBalance": 90571.17,
      "interest": 2808.41,
      "interestRate": 0.032,
      "repayment": 0,
      "salary": 37134.4,
      "startBalance": 87762.77,
      "status": "repaying",
      "threshold": 42560.83,
    },
    {
      "calendarYear": 2045,
      "endBalance": 93469.45,
      "interest": 2898.28,
      "interestRate": 0.032,
      "repayment": 0,
      "salary": 37877.09,
      "startBalance": 90571.17,
      "status": "repaying",
      "threshold": 43837.65,
    },
    {
      "calendarYear": 2046,
      "endBalance": 96460.47,
      "interest": 2991.02,
      "interestRate": 0.032,
      "repayment": 0,
      "salary": 38634.63,
      "startBalance": 93469.45,
      "status": "repaying",
      "threshold": 45152.78,
    },
    {
      "calendarYear": 2047,
      "endBalance": 99547.21,
      "interest": 3086.74,
      "interestRate": 0.032,
      "repayment": 0,
      "salary": 39407.32,
      "startBalance": 96460.47,
      "status": "repaying",
      "threshold": 46507.36,
    },
    {
      "calendarYear": 2048,
      "endBalance": 102732.72,
      "interest": 3185.51,
      "interestRate": 0.032,
      "repayment": 0,
      "salary": 40195.47,
      "startBalance": 99547.21,
      "status": "repaying",
      "threshold": 47902.59,
    },
    {
      "calendarYear": 2049,
      "endBalance": 106020.17,
      "interest": 3287.45,
      "interestRate": 0.032,
      "repayment": 0,
      "salary": 40999.38,
      "startBalance": 102732.72,
      "status": "repaying",
      "threshold": 49339.66,
    },
    {
      "calendarYear": 2050,
      "endBalance": 109412.81,
      "interest": 3392.65,
      "interestRate": 0.032,
      "repayment": 0,
      "salary": 41819.37,
      "startBalance": 106020.17,
      "status": "repaying",
      "threshold": 50819.85,
    },
    {
      "calendarYear": 2051,
      "endBalance": 112914.02,
      "interest": 3501.21,
      "interestRate": 0.032,
      "repayment": 0,
      "salary": 42655.76,
      "startBalance": 109412.81,
      "status": "repaying",
      "threshold": 52344.45,
    },
    {
      "calendarYear": 2052,
      "endBalance": 116527.27,
      "interest": 3613.25,
      "interestRate": 0.032,
      "repayment": 0,
      "salary": 43508.87,
      "startBalance": 112914.02,
      "status": "repaying",
      "threshold": 53914.78,
    },
    {
      "calendarYear": 2053,
      "endBalance": 120256.14,
      "interest": 3728.87,
      "interestRate": 0.032,
      "repayment": 0,
      "salary": 44379.05,
      "startBalance": 116527.27,
      "status": "repaying",
      "threshold": 55532.23,
    },
    {
      "calendarYear": 2054,
      "endBalance": 124104.34,
      "interest": 3848.2,
      "interestRate": 0.032,
      "repayment": 0,
      "salary": 45266.63,
      "startBalance": 120256.14,
      "status": "repaying",
      "threshold": 57198.19,
    },
    {
      "calendarYear": 2055,
      "endBalance": 128075.68,
      "interest": 3971.34,
      "interestRate": 0.032,
      "repayment": 0,
      "salary": 46171.96,
      "startBalance": 124104.34,
      "status": "repaying",
      "threshold": 58914.14,
    },
    {
      "calendarYear": 2056,
      "endBalance": 132174.1,
      "interest": 4098.42,
      "interestRate": 0.032,
      "repayment": 0,
      "salary": 47095.4,
      "startBalance": 128075.68,
      "status": "repaying",
      "threshold": 60681.56,
    },
    {
      "calendarYear": 2057,
      "endBalance": 136403.67,
      "interest": 4229.57,
      "interestRate": 0.032,
      "repayment": 0,
      "salary": 48037.31,
      "startBalance": 132174.1,
      "status": "repaying",
      "threshold": 62502.01,
    },
    {
      "calendarYear": 2058,
      "endBalance": 140768.59,
      "interest": 4364.92,
      "interestRate": 0.032,
      "repayment": 0,
      "salary": 48998.06,
      "startBalance": 136403.67,
      "status": "repaying",
      "threshold": 64377.07,
    },
    {
      "calendarYear": 2059,
      "endBalance": 145273.18,
      "interest": 4504.59,
      "interestRate": 0.032,
      "repayment": 0,
      "salary": 49978.02,
      "startBalance": 140768.59,
      "status": "repaying",
      "threshold": 66308.38,
    },
    {
      "calendarYear": 2060,
      "endBalance": 149921.93,
      "interest": 4648.74,
      "interestRate": 0.032,
      "repayment": 0,
      "salary": 50977.58,
      "startBalance": 145273.18,
      "status": "repaying",
      "threshold": 68297.63,
    },
    {
      "calendarYear": 2061,
      "endBalance": 154719.43,
      "interest": 4797.5,
      "interestRate": 0.032,
      "repayment": 0,
      "salary": 51997.13,
      "startBalance": 149921.93,
      "status": "repaying",
      "threshold": 70346.56,
    },
    {
      "calendarYear": 2062,
      "endBalance": 159670.45,
      "interest": 4951.02,
      "interestRate": 0.032,
      "repayment": 0,
      "salary": 53037.07,
      "startBalance": 154719.43,
      "status": "repaying",
      "threshold": 72456.96,
    },
    {
      "calendarYear": 2063,
      "endBalance": 164779.9,
      "interest": 5109.45,
      "interestRate": 0.032,
      "repayment": 0,
      "salary": 54097.81,
      "startBalance": 159670.45,
      "status": "repaying",
      "threshold": 74630.67,
    },
    {
      "calendarYear": 2064,
      "endBalance": 170052.86,
      "interest": 5272.96,
      "interestRate": 0.032,
      "repayment": 0,
      "salary": 55179.77,
      "startBalance": 164779.9,
      "status": "repaying",
      "threshold": 76869.59,
    },
  ],
  "yearsUntilCleared": null,
}
`;

exports[`computeStudentLoanRepayment > snapshots > Postgrad with overpayment that prevents write-off 1`] = `
{
  "finalBalance": 0,
  "totalInterest": 11634.19,
  "totalRepaid": 36634.19,
  "writeOffCalendarYear": 2051,
  "writtenOff": false,
  "writtenOffAmount": 0,
  "yearlyBreakdown": [
    {
      "calendarYear": 2026,
      "endBalance": 23610,
      "interest": 1550,
      "interestRate": 0.062,
      "repayment": 2940,
      "salary": 30000,
      "startBalance": 25000,
      "status": "repaying",
      "threshold": 21000,
    },
    {
      "calendarYear": 2027,
      "endBalance": 22133.82,
      "interest": 1463.82,
      "interestRate": 0.062,
      "repayment": 2940,
      "salary": 30000,
      "startBalance": 23610,
      "status": "repaying",
      "threshold": 21000,
    },
    {
      "calendarYear": 2028,
      "endBalance": 20566.12,
      "interest": 1372.3,
      "interestRate": 0.062,
      "repayment": 2940,
      "salary": 30000,
      "startBalance": 22133.82,
      "status": "repaying",
      "threshold": 21000,
    },
    {
      "calendarYear": 2029,
      "endBalance": 18901.22,
      "interest": 1275.1,
      "interestRate": 0.062,
      "repayment": 2940,
      "salary": 30000,
      "startBalance": 20566.12,
      "status": "repaying",
      "threshold": 21000,
    },
    {
      "calendarYear": 2030,
      "endBalance": 17133.09,
      "interest": 1171.88,
      "interestRate": 0.062,
      "repayment": 2940,
      "salary": 30000,
      "startBalance": 18901.22,
      "status": "repaying",
      "threshold": 21000,
    },
    {
      "calendarYear": 2031,
      "endBalance": 15255.34,
      "interest": 1062.25,
      "interestRate": 0.062,
      "repayment": 2940,
      "salary": 30000,
      "startBalance": 17133.09,
      "status": "repaying",
      "threshold": 21000,
    },
    {
      "calendarYear": 2032,
      "endBalance": 13261.17,
      "interest": 945.83,
      "interestRate": 0.062,
      "repayment": 2940,
      "salary": 30000,
      "startBalance": 15255.34,
      "status": "repaying",
      "threshold": 21000,
    },
    {
      "calendarYear": 2033,
      "endBalance": 11143.37,
      "interest": 822.19,
      "interestRate": 0.062,
      "repayment": 2940,
      "salary": 30000,
      "startBalance": 13261.17,
      "status": "repaying",
      "threshold": 21000,
    },
    {
      "calendarYear": 2034,
      "endBalance": 8894.26,
      "interest": 690.89,
      "interestRate": 0.062,
      "repayment": 2940,
      "salary": 30000,
      "startBalance": 11143.37,
      "status": "repaying",
      "threshold": 21000,
    },
    {
      "calendarYear": 2035,
      "endBalance": 6505.7,
      "interest": 551.44,
      "interestRate": 0.062,
      "repayment": 2940,
      "salary": 30000,
      "startBalance": 8894.26,
      "status": "repaying",
      "threshold": 21000,
    },
    {
      "calendarYear": 2036,
      "endBalance": 3969.05,
      "interest": 403.35,
      "interestRate": 0.062,
      "repayment": 2940,
      "salary": 30000,
      "startBalance": 6505.7,
      "status": "repaying",
      "threshold": 21000,
    },
    {
      "calendarYear": 2037,
      "endBalance": 1275.13,
      "interest": 246.08,
      "interestRate": 0.062,
      "repayment": 2940,
      "salary": 30000,
      "startBalance": 3969.05,
      "status": "repaying",
      "threshold": 21000,
    },
    {
      "calendarYear": 2038,
      "endBalance": 0,
      "interest": 79.06,
      "interestRate": 0.062,
      "repayment": 1354.19,
      "salary": 30000,
      "startBalance": 1275.13,
      "status": "paid_off",
      "threshold": 21000,
    },
  ],
  "yearsUntilCleared": 13,
}
`;
